>NZ_CP056774.1 Pseudomonas aeruginosa strain CDN129 chromosome, complete genome
GCTGCGGATGTTGCGCAGGGTCCGGGCGATGTCGGTGACCGCCGCGCGGCGCGCCTTGGCCAGCGTCAGGGCCTCGTCCTGGCGATGCGCGTAGGCGTTGATCAACAGCTTCAGGCGGCGCTCGGTGTCGTCTTCGCTATCGAACTTGGCGACGCCCTTCAGGCGCACCTGGGCGTACAGCGCCTCGATCTGCCCGTCGATGCGCTGCAGCGCCTGCCAGGTGTCCTGGTAGTCGTTGAGCAGCGGCAGCAGGTTGTCCAGCGAGTCGTCCACCGGCTCCATGAACGGCGTGCCGAAGGGCAGGTCGGCCGGCAGTAGCTGGCGGCGGCGCAGGGCATCTTCCAGGGTGCGCTCCTTGGCCTCCAGGTCGCCCAGTTGCCGGGCCACCAGTTGCAGGCGCGCGGAGAGTTGCTGGACGCGCTCGGCGAAGGCGTCGCTGGAGCGCTTGAGTTCGTCCTGGGACGCCTCCAGCTGGGCCAGTTCGGCGAGCTTCTCGGGCTCCTCGGCGGTCAGCGTCTGGGTGCGGCGGAAGTCTTCCAGGGCCTTCTGCGCATCCAGCACGTCCTGGTACAGCTTCTCCGCCTGGGCCTTGCTCGCGGCGCGGTCGGCAGCGACGCTCTGCTGGGTCTTGAGCTGCTTCAGCTCCTTCTCCAGGCGCTCCTTCTGGTCGCGCAGGGCGGCGCGGTCGGCCAGGGCCTGCAACGCCGGCGGTTCGATGTGCGACAGGTCGATGCTCAGTCCGGGAGCCTCGAAATGCTCGCCCTTGAAGTGGTCGAGGATGGCTTCGACGCTCTTCACCCAGACGTCGCCGTCATCCAGGTTCACCCCGTTCTCGCCGAGCGGCAGGCTGAACAGCGCGCCGTTGAACAGACGCATCAGGCGTTCCACGTCCTGCTGGCTGAACTCCTCGCGCAGGCGTGCGTAGCTGTTGTTGTCGGCGTGTTCGAGCTGCTGGCGGACGTTCTTCAGGCGTTTTTCCAGGTCGCGCAGGCGCTCTTCCAGGTCTTCGCTGGAGAACTGCCGCGAATGGGCCAGGGCGCCGGCCAGTTCGTCGTGGGCATCCTTGGCGGCGAGCAGCTGTTGTTCGAGGACCTTGGCGTCGTCGACCAGGGCGAAGCGGGTCTTGAGCACCGACAGCTCGCCGAGCCAGCGCTGGATGCCGGCGATCTCGCGCTCCAGGCGCATCAGCTCCTGGGTGCCGCCACGCTGTTCGTTCTGCAGGCCGTCCTGCTCGGCGCGGTATTGCTCGTGCTGGATCAGCAGTTCCTCGCGGCGCGCCCCGGCGTAGTCGTGCCAGGTGCCGAGCAGGCTGTCGAGCAGCGGTGAAAGGCGGTGCATCTTGCCGCGCAGTACGTCGCGCTGGGTCACGCCGTTGGCCAGGGCTTCCACCAGCGGGCCGGCGGCGACCAGCGCCTGGTAGTCCTGCTCCATCCGCCGCACGTCGCGGAAGGCCTCCTCGCAGGCGGCGATGTAGTCGACATTACCCGAGCGCAGGCTGTGCTCGAAGGCGTCGAGGAACAGCTGCTTGAGCTTGGCCGCGGTGATCTCGCGCATGTGCAGCAGGTTGATGAACAGCGAGCGGAAGGTCTTCAGGCTCTGCTCGCTGGTGGAGCGCAGCGGGATCATGGTCAGGTCGAGCGGGATCGACGTGTGCCCGCCGACCAGCAGGCGGCGCAGCTCTTCCGGCTTCACCTCGTAGGCCTTGATGCCTTCGCGCTCGAGGTTGGCGAACAGCTCGCGCTGGCGCAGGCAGGTACCGTTCTTCTGGTAGTGGTCCAGGCTCAGCTCGCCGGCGTAGGCGAAGAACTGGTGGCCGAAGCCGCCGCCCGGGCCGCGCCCGGCCACGCCGATCACGTGCGGACCGTGGGGCAGCATCAGTTCGAGGAGGATGTAGCTGGTGTCCGAGGCGAAGTAGAAGCGCCGCGACTGCTCCATGCTGTACTTGCCGAAGCTCATGTCCGACAGGCGGGCAAGGATCGGGAACTGCAGGGCGTTGATCGAGGCGCTCTTGCCCAGGTTGTTGGCGCCGTAGATCGACAGCGGGTTTTCCAGCGGAAAGATACCCAGGCTGTAGCCGGCGGTATTGAGCAGGGCGAAGCGGCGGATGCCGTAGCGGGTCTGGCTCATGCGTCAGCCTCCTGTTGCGCGTGTTCTTCGGCGATGGCGCGGGCGAGGGCGTCTTCCTCGCTCTCTTCGGACAATTCTTCGTCGCTGGCCATCAGCGGTTCGATCTCGCCGTCATCGACCAGCACCGGCGTCTGCAACGGCAGGTCGGCGTGCAGGCTGGCGGACAGGTTGCGGTCCTGCTGCACCGACAGGCAGACGTCTAGGAAACGGTGCATCGGCGGCATGAAGCGGTACACGCCGCTGTCCTCGGAGGCGAAGCCGAGCTGGGTCAGGCGGCGCATGACCTTCTCTTCCAGTTCTTCCTGGGTCTGCACCTCGGCCTGGAGGAACAGGTCGCGGTATTTCTCCAGCAGCGGCGGCAGCTCTTCGCGGCCGATGCTGCCGCCGTCCAGCACGGACAGCGGGTCGCGGCCCTGGTCGGCGAGGTGTTCGACGAGGATGAAGGTGAACAGCGCCAGGCGTTGGGCGGTCTTGTTCACCTGGGCGCCGACCTGCTCCGGGACGAAGTAGTAGAAGCCGCGGGTGTCGCAGACCAGCTCGAAGCCCATGGCGCGGAACAGGCCGCGGTACTGGTCCTGGTGCGAGGACAGCTGGGTGTACAGCTCGGGGTCGCGGTGGCTGATGTGGTAGCCCTTGAACAGCTCGCGGAAGATCGGCGCGAGCTGGGTCAGTTCGGAGAGATCAAGATGCATGGGTTTCGCTCGCGGAAAGGGTGTCTGCGTCCCTGGCCTGGCCCTTGTCCTTGGCGGCGGGGTTCAGGGCGAAGGAGCAGAGGCTGACGCAATGTTCGGTGGTTTCGTACTCGCGGCGTTGCAGGCGTTCGCGCTGGAAGCGCGCGTCGCGCGACAGCCGGGAGAACCAGTAGAGCAACTCGTCGGTGGCGCCGTCCGGTTCCTGGGCCAGCAGCCATTGCATGAGGTCCGGCAGCGGCAGCGCCGCCTGGCAGCGTTCGATCATTTCTCGCGCGGTCCGCGGTGGTCGCGCCGGCCCGTTGCTCTTGCGCGTGCCGCTGGACTTGGGGAACTGCGCCGGCTTCGGCTCGAAGCGGGCGAGGGCGAAGACGTAGCTCTCGACCTGCGAGGCGGTGCCGAGGAAGGTGCTCTGCGGCCGGGTGAACAGCGGCATCGCCGCCTGCGGCACGGCATCCAGGCCCTTGCGCCGGATCGCCGCCAGCGCCAGGGCGGCGCCACGGGTCACCGCGTTGTGCCGGCGCGCTTCCTCGCGCAGCGGCAGCAATAATTCGCGGGCGCGGCGCAAGGTCAGCTGGGCGTTGGTCTGCATCTCGAGGATGCGCGCGTGGGTGCGCAGCACCAGGTCGTCGTCGACCAGGTGGCCGAGGCGCTGCTGTTCGCCGAGCAGGCGCAGCAGGACCTGTTCGACCCGCCGCACGCCCTGCTCGAAGGCGCCGTCGGCGCTGACCAGTTGGATCATCGGCTCGACGTACTCGTCCCAGGTCGCCAGGACCTCCGCGTAGCGCTGCGCCAGGGGAATCTGCCGGTCGCTGGTCTTGGCCCGCTCGGCCACGCCGATCAGTGCCTGCTCGTCATTGCCGAGCTTCTTCAGTACATCGCGCACGCGCATGTCGAGCAGTCGCAGCTGGCGCGCCAGGTCCTGGCTGTCGCGGGTCTCGAAGGCGTCCTGGATGTACCCGGCGAGGCGCTCCAGATGGCGCAGGTAGGCCTCGATCTCCAGGCACAGACCAAGGCGATGCTCGTGGCGCAGGTAGGCGAGGAAGTCGTGGATCTGCGCGTTCAGCTCGAAACGGTTGGGGCTCTTGGCCACCGGGACCAGGATATCCAGGCGGATCCACTGGTCGAGCAGGGCGGTGATTTCCGCCGGGTTGCTTTCCGGTAACTGGGTGTTCAACTGGCTGCGCAGTTCCGCCAGGCTCAGGGTGCCGGCATCGAAGCGCTCGCAGAGAGGCTCGAGCAGGGCCCAGTGTTCGGCAAGCGCACGCAGTACGCGTCGGGGGTCGATCATCGGGAGGGCCGGTCCGTGGAAAAAGCGCCGATTGTACTGCAAAGGCACGGGCGACGCAGACGCCGCCGATGAGTGCGATGCAGGCCGTCGACACGTCTGCGGCGCAGGTACGGGCCCGGTATCGGTGGATGGCATCTGGCTATCACCGAAGTGTCGAAAAGCGGCAGTTTATGACTGCGTAAGGACTTTCCTGCCCCGCCTGGTCCGGGGAATGGGGCTTCCAGGGGCTGGCACGCTTTCTGCTGAAGTCCCCTGGCCTGTCTATTCCAAATGAATGCCGACTCTTGAACGACGCCGCCTACGCCGAGGCCCGCTGGGCCGAACTGCAGAACCAGGGTGACCTTGCCTGGGACCTGGATGCCATCACCAACCGCAGCGAGGCGATCGCCTTCCTCAAACGTTTCGAGAACCGCCTGTGCATCTACTCGGCCTATGTCGAGAAGCTCTACAGCAACTACAGCTTCGTGATTCCCGAGAGCGACCATGGCGGCATCACCATCCTGCCCAGCGAGCAGGCCTGGCACGACACCTTCCACGATATCCCGCTGGCCGCGGTGGAGCCCACCGGGATCCATATCCTGCCGGGCGAGACCATGGGCTATCGCGGGCTCTACCTGAAGATTCCCGGCGAGCACCGCCTGGTGGCGTCGAAGGAATTGCCGTTCCAGGAAGGGTTGAAACTGCTGATCCAGCGTTACCAGGCTCACGACGACGTGTTCCTGCCGATCCTGGTCAAGGGCGACCTGCGCGAGTACGAAGCGCGCATGCCCTCGCTACACCTGCACCGGATCAACCCCGCCCGCCTCAGCGCACACTCCCTGCTCAGCCTCAACGCCATCAAGGGCGCCATCGCCGACCATCTGATCGGCCTGTTCCGCCAGCAGTGAAAGGCTGACGTTACCCCCGTGTGACGATGGGTAACATCCATCCTGGCCGAGCGACCGCTCATCCGCTGCAGCGAGCGCGGCGACCGCGTCGTTCGCCGGTTTTTCTCGACTATGGGTCGGCCCCGATTCGCCCGGGGCTTTCTATAGTGACTACAGGTCGCAGTGTCTCTGCCGTCGGCCACGAGAAGAACAAGAGGTGAGCCCATGTCCCGTCGTCTGCCCTTCCTGCTGCGTTGCGCGCTGTTCTGCGGCGCCGGTCTGCTGGCTGCCACCGCCCAGGCGAGGATGGAGTCGCTGGACGACGACCAGCTTTCCGACGTGGTCGGCCAGGCCTTCATCAACCTCACCACCGACGCCGCCAACGGACTGAACTTCACCCGCATCAACTTCGGCGCCGACATCGAGACCCAACTGAACATGAAGAAGCTGCAGTTGGGCCAGTACAACCGCAGCGGCGAGCTTGCCGGCAGTGCCGACATCGCCATCGACAACTTCGCCCTGGGCACGGTCAACGACACCACCGGCGCGATCAACCCGTTCCTCATCAGCAATCCCTACATCGAGTTCGCCTACGACGGCAGCAAGATGGTCGGCATCCGTATCGGTTTCGGCGAAGCCAAGGGCTACCTCTCGGGCGATATCAAGACCCTCACCGGCAACGTGCCGGTGGACCTGTACGGCACCGGCAGCCAACTGGGAGGCAGCATTTCCTGCGGCCTGCTGGCCCTCGACTGCCTGGCGGCGAAGACCGCCATCACTCTCACCGGCAGCTCTCAGTACACCGCCCAGGCAGAGCTGGTGAACAGCTCCGGCAACCCCGACCCGATCCGCGCTGCCATGATCGGCCTGAAGAACGGCACGGCCCTGGACATGCACGACAGCACCATCATCGGCAGCCTGGTGAACGTCCTGCTGCCCTTCCTGACCTCCAACGACTGCAAGCTGATGGGCGCCCAGACCTGCTTCAACCTGGCCCAGTACCAGTCGTTCCCGATCGGCACCGTGGATCCGAACAACGCGCAGAACTTCATCGACTCGTCGAAAGGCTTCTTCATCTCGATGCAGAGCCAGAACGTCCAGTGGCGCGACCAGCAGGATCCCTCCAAGCTGGTCGCCGCGCTGGCCGGTGCCTTCCTCAACATGTCGCGCAACGCCGATGGAACGGCGCCGATCAAGGTCGACTTCGGTCAGGCCTTCAATGGCATTCCACGGCAGGACACCTGCCTGGGCGGCCTGAACAAGGGCTGCTGAGATGAGTCGCGCCTGCCTGCTCGCGGCCCTGCTGGCCGCCCCCTTCGCCCATGCCGAGATGACAGCGCTCGACGACGAGCAACTGTCGGACGTGCAGGGTGCCGGCATCGGCTTCGTCCTCGACAGCGCCATGGTCGACGGCAACAAGGCCACCATCGCGATCAATGGCGTGACCAACACCGCCACCGGGCAGAACGTGCCGATCACGGTAAAGGAGCTGTACGTCGCCGCCACTGGCAGCAACAAGGGCAGCACCCTGGCGCCGGTGACTCTCGGCCGTCTCAATTTCCCGTTCAAGCTGAATCTGGCCAAGGGTTCGGTGCTGACCACCCAGCTCGACGACGGGCGGGTGGTCAGCACCTTGCCGGACACCGCGGACGTGATCGAGCTGGCTTTCCCCAGCCTGGTGAGCGGCGCCGGCGGCCAGCCGTGCATCGCTGGTTACGCCGGTGCCGGCAGCAACTGCTCGAGCCGGGCCAGCGAAAAGGTCGACGCCGGCATCCGCTTCGACTTCGGCGTCACTTCCACGCGCACCGATGTGCTCAACCTGGACTTCTCCGAACTGGCGATGGACGGTTCCTACCTGCGCTTCTGGGGCGCCAACGCGCGCAGCCAACTGGTTGGCGAGATGCGCCTGAACCTCTACGCCAAGACTTTCGAGATCATGTCCTGCGGTGCTGGCTCGCCCAGTTGCGTCAGCGCCGCCGAGCAGGCCGCGCGCACCGTCTACCTGACCAACGCCTATGCCAGCGTCGCGCTTGGCTACGGGAAGTCGCAGCCGTTGCTGTTCTCGGTCACCGCCGACGGCAACTTCACTTTCGAACTGCCCAAGCTGACCCTGGCCAACGCCGCTGACTTCTACGCCAATGCGCCGCGCACCAGCCTGGTGATCGAGAACCTCAACATCGGCGGTACCCGGCCAGGCTACGGGCAGGTACCGACCGGCGGCTACAACATGGGCCGCAACGAGATATCCGGGCTCAGCTTCAACTACCTGAAGGTGACGTCGCACAACCTCTGAGGTGGCGGCGGGAAACGAGGTACGCAGCACATGGCCAAGCAGACTCATCCACTGGCAGGCGGCATCGGCATCCTCGCGGCGCTGGCGCTGCTGTTCAGCGCTTCGGCCGGGGCCGAGTTGCGCTCGCTGGGCGATAGCGATCTGGACGACGTGGTCGGCCAGGCCGGGATCAGCATCAGCGCCTCGCTCAATCTCCAGGAAAATCCTTCGCAGACGCGCTGCGCCGGCGGCTGCGGCGCGCGCCTGGCGATCCAGCCGGCCGGCAGCGGCAACAACTACCTGGTGATCGACGATATCAGCGGCAAGTTCAGCTTCGACGAAGTCACCCTGGACGTGGTGACCATCAAGGACGGCTTCGGCGGCGACGGCGCCGCCTTCAACCGCCCGGTGCTGCGCGTCGGCCTGAAGGACACCAGCTTCCAGGACCTGAGCTTCACCATCGCTGGCGCCAACAAGGCGCGCGGTACCGATCCCGGGCTGGTGCAGACCAACCTGGTCAGCGCACGCATCGACGGCACCCTCAAGCTGCAGGGCAACGTCAATATCTTCACCGTCGCCCCGCGTTGAGGGCGAACCGTCGCATGGCGGGACAAAGCCGCTCCGCCGAGGTCGAAGAACCGCTATCATTGCCTGCCTGAACGCCGGGGGCGAAACCGTCCCCGCGCATCGCCTAATTGCCGGTGCCCGAGATTTGATCGAAGAACAGCGTCGCCGCGCCTTCCTGGGCGCGATGCAGATAACCAGTTGGCTGCCCCGCCAGCCGTTGCCGTTCGCCGCACCCTCGCGGCCGGAGTTGCTGGAGACCCCGCCTCGGGAAGAGCCGGCGGTGCCTGTGCGTGCGCGCGCCGCGATCGATGCGCCGCAGGCCCGCGTCCCGCAAGCCGAGGCGCCGGCCAGCGCGCCGAGCGTGGCTCCCGCCGCGCCCGTGGAAGGCCGGGGGATCCCGATCAGCCTGCCGAAGCCGGGCGCCCCGGCGGCGAAGAAAGCCGAGCCGGTCGCGCCGGTCGAAGAGGCCCCGGCCGAGTCGCCGGCGGTCCAGGCCCCGCCGCCGCGCTTCGCCTTGCAACTGCTGCAGGCGGGCTCCTGCACCCTGCTGGTCGAACTGCCCACCGGCGAACCCTTCGCCAGCCGCGATCCGGGTTACCTGCTGCTGCGCGACCTGCTGCGCGCCGCCGGCCTGCCGGACAGCCCGCGGCTGATCGGCGAACCGGTACGCTGGCCGCTGCTGGCGCGCGGCAACCTCGACCAGGGGCCGCAGGCGGCCCTGGAGTTCGTCCAGAGCTTCGTCGCCGCGCGCATGGAGGAGAGCGAGCGTAGCCGCTGCCTGTGGTTGGTCGGCCTGCCGGCGATCCGCTTCGCCGGCGAGGGCGACGAGGGCAGCCTGTTCCGCGAGCTGCAGGTGGACGGTCTGGGCGCAACCTGGGCCGTGCCAGGCCTGGAAGCCCTCATGGAAGAACCCGCCCTCAAGGGCGAGCTGTGGCGCGCCATGCGCCGTGTCCGTCAGCGCTGGTCGAGCGAGATTCAATGAGCGATGCGATTTCCTTCCGCCCGATGACCGAGGCGGACCTCGATGCCGTGCTGAAAATCGAATATGCCCGAGCAAGCCGTTCCGCCTGTACGACGACTACGACGCGGCCCAGGCCGGTCTGCGCGTGAAGCTGAAGATGAACGACGTCAGTGGTATCGATCCGGGCCGCACCCCGGTGATGTTCAACGGCGTGCAGGTCGGCCTGGTCAAGTCGATCGACATGGGCAAGGACTACAGCAGCGCCACTGCCGACCTGGCGATGGATCCGCGGGTCGAGGACATGCTGCTGGAAGGCACCGAGTTCTGGACCGTCAAGCCAAGCATCTCCCTGGCCGGCATCACCGGCCTCGAGGCCCTGGTGAAAGGTAACTACATCGACGTGCGCTTCGCCAAGAGCGGCGCGCCGAGTCGCGAGTTCACCATCCGCCCGAAAGCGCCGCCGCTGAACACCGACGCGCCCGGCCTGCACCTGGTGCTGACCAGCGACAAGCTCGGCTCGATCGATATCGGCGCGCCGATCCTCTACCGCCAGGTCCGCGTCGGCAGCGTGCAGAGCTACCAGCTGTCGCGCGACCGCCAGCGAGTGGTGGTGGGTGTGCACATCGAGCCGGAGTACGCGCACCTGGTGAATACCTCGACGCGCTTCTGGAACTCCAGCGGGATCACCCTGACCGGCAACCTCAGCGGCGTGCAGGTGAAGAGCGAGTCGCTACAGACCCTGATCACCGGCGGGATTTCCTTCGACACCCTCGATCCGAAGGCGCCGACCGTGACCAAGGTGCGGCGCTTCACCCTCTTCGACAGCGAGGAGGCGGCGATGGCCCGTGGCGTGGAGATCCAGCTGAGCATCGACAATGCCGACGGCCTGCGCGAAGGCACGCCGATCCGTTTCAAGGGCCTGGACATCGGCAAGATCGAAAGCGTCGAGCTGAACCCGGACCTCTCCGGGGTACTGATGAAGGCCCGCCTGACTTCCGCCGGCGAGCGCGTCGCCCGCAGCGGAACCCGCTTCTGGGTGGTGCGTCCGGCGCTCGGCCTGCTGCGTACCGAGAACCTCGGAACCCTGGTCAGCGGCCCCTATATCGAGGCGCTGCCGTCGAGCACGCCGGGCGAGCGCCAGGCACGCTTCCAGACTCTCGCCGAAGCGCCCAACCTGCTGGGTCGGGAAAACGGCCTGCGGCTGACCCTCAGCGCGCCGCGCAAGGGCTCGATCAAGCCGGGCAACCTGGTGACCTACCGGCAGATCCCGGTGGGCAAGGTCGTCGACCTGGCCTTGGGCGAACAGGCCGACCGGGTGCTGATCAGCATCCTCATCGAACCGCGCTACGTACCGCTGGTGCGTACCGGCAGCCGTTTCTGGAATGCCAGCGGCTTCGGCGTCGACGCCAGCCTGTTCAAGGGCTTGTCGCTACGCACCGAGTCGATGGAGGCGCTGATGGAGGGCGGCATTGCCTTCGCCACCCCGAACAATGCGCAGATGGGCGAGCCCGCCAAGCCGGGGCAGACCTTCGCCCTGTTCGATTCGGCCAATGACGAATGGTTGGAGTGGGCGCCGAAGATTCCTCTGAAGGAAACCGCCCGCCGCTGATTGTCGGACCGGCAAAAAGAAACGCCGCTTACCTGGGTAAGCGGCGTTTTCGTTCATGCCTGCCTGCTGGGAAGTGGGTGTCAGTGAGTGCTGAGATGCGCCCGGGTGGTCAGCAGGTACACCGGCAAGCCGGAGATCAGGATCAGCAGCGCGGCGTAGGGTGCGGCGGCAGCGTACTCCAGGTTGGCGGTGTGCACCCAGACCGAGGTGGCCAGGGTCGACAGCCCGGTGGGACCTAGCACCAGGGTGGCGGTCAGTTCCTTCATGGTGTCGAGGAACACCAGCACGAAGCCGGCGCCGATGGCCGGCGAGATGATCGGCAGGGTGATCCGCAGGAAGGCCATCAAGGGCGTCTGGCCGAGAGTGCGGGCGGCTTCCTCCAACTGCGGCGAGGCCTTTTCCAGGGCCACGCGGATCGGTGCCTGGGTCAGCGGCATGAACAGCAGGGCATAGGCGACCAGCAGCAAGCCGGTGGTCTGGTAGGTGGCTGGCAGGTAGTGCAGCGAGAAGTACACCAGCGAGAGTGCGATCACCAGTCCCGGCAACGCTTGCAGCAGGTACGGCAGGCGCTGGGTCCAGCGCGCCAGGGCGCCGGGGTAGCGCACCACCAGGATGCTTACCGGCAGCGCCAGCAGGCAACTGAGCAGGGCCCCGCCGAAGGCCAGCGACAGGGAGGAAAGCAGGGTCGAGGCGATTTCCATCAGCGGGAAGCTGGCCGAGGAGCCTTCGTACAGCCAATAACCGAGCATCACCAGGGGGATACCGGTACCGACCAGCACCAGCGTCGCCAGCAGCGCCTGGAGCGGCCACTTGCCGAACCCCAGGCGGACCCGTTCGGCCCGCCGCGCGCTGCCCTGGCCGGTGCGTACCAGGCGGCCGCGGCCGCGCATGCGCAACTCCAGCCAGAGCAGCAGGAAGCACAGTGCCAGGAGTACCGAGGAGAGCATCGCCGCGGTGGCGTTGCTGAACTCCAGTTCGAACTCCTGGTAGATGGCTGTGGTGAAGGTCTGGTAGCGCAGGATCGACAGCGCGCCGAACTCCACCAGCATGTGCAGCGCCACCAGTAGTCCGGTGGCGGCCAGGGTCGGGCGCAGCAGCGGCAGGGTGACCCGCAGGAACACCTGGCGCCGCGACAGACCGAGCATCCGCGCCGACTCCTCCAGGGAAGGATCGATGCCGCGCAGGGTCGCCGCTACCGGCAGGTAGACCAGCGGATACTTGGACATGGTCATGACCAGGATGGCGCCGCCGAGGCCTTCGTACATCGGGCTCAGCGAAACCCAGGTGAAACTGCTGACGAAGGCGGGGATGGCGAACGGCAGGCACAGCACCACGTTCCAGAAGCGCCGCGCCGGCAGGTCGCTGCGCTCCACGCACCAGGCCAGGGCCAGGCCGAGCAGGGCGCTGAGCAGGGTCACGCCGAACATCAGCCACAGGGTGTTGCCCAGCAAGCGGAATACGTAGGGGCGCCAGAGCAGTTGCCAGGCGCTGTGCCAGCCGGCGTCCCAGGCCTTGGCCGCGACGTAGAGCAGCGGCAGGCTGGCCAGCAGGGCGAGGAGCAGGACCGGCAGGAGCAGCCAGAATGGCGTTCGCCGGCGCGAGCCCGTGCGCAGGCGCACGGGCGTGGAGGCGGCGCCGATCAATTCAGGCCAACGTCGCGTTCGAGGCTGAGGGCCTCGCTGGCCTCACCCAGATCGGCCGGGGTCAGTTTCGGTGGGTCCAGTTCGGCGAACGGCTTCAGCGCCGGATCGGCCTGCATCCCCTTGCGCATCGGGTACTCGGCGGACTGGCTGAGGATCGTCTTCTGGCCTTCCTCGCTGAGCATGAAGGCGACGAACTGCTGGGCTTCCCTGGGGTGCTTGCTGGACTTGAGCACCGCGGCGCCGGAGACGGTGACCAGCGCGCCCGGGTCCTGGTTGCCGAAGTAGTGCAGGCGCGAGTTCAACTCGCCCTTTTCCTTCTTCAGGGTGTACCAGTAGTAGTTGTTGATCAGCGCCATGTCGACCTCGCCGTTCTCCACGGCTTTCATGGCGGTGACGTTGTTGGTGTAGATCGAGCCGAAGGCCTTCAGGCCGGTCAGCCAATCCTCGGCTTCCTCCTGGCCCTTGAGCTTGATCACTGCGGCGACCTGTTCGAGGAAGGCGCCACTGGTGGGCACGAAGCCGAAACGGCCGGACCAGGTCGGATCGGAAAGATCCATCAGGCTCTTCGGCAGATCCTTCTCGTCGATCTTCTTCGGGTTGTAGGCCAGTACCCGGGTGCGGGCGGTGATGCCGACCCAGTCGCCGTTGCCGCCGGCGTGCTCCGGCTCGACCAGGGCCAGGGTCTCTGGCTCCAGCTTGGCCAGCAGGCCGGCGCTGGCCAGGCGGATCAACGGTGGCGATTCCTCGGTGTAGAGCACGTCGGCCGGCGAGCGTGCGCCTTCCTCGGTGATCTGGCTGGCGAGCTGGCCATCGCCGCCCTTGCGGATCTTCACCTGGATGCCGGTCTTGTCCTGGAAGGCCTTGGCGATGGCGATACCGGTGGCGGCGTGCTGGCCATTGTAGAGGGTAAGGGTGACGGGATCGGCCGCCGCATTGAGGGAAAGCGAACCGAGCAGGCACGCCAGGGCGGCGTGGCGGAAACGGTTGAGAAGTCGAACAGGCATGGATTCTCCCCGTGGGTTACAAATGCGAATGTAACCAATTATATCTTCGTGGGAGCTTCGGGCCTATCGGAAAAGTCCACGGCCCTGTCAGGCAGGGCCGTGGCAGACGCTTCACGCCGGTTCGCCGGCTTCCTCCGGCTCGCTGGCTGCGCGGGTTTCGCCGCTGGCGGCGGCATCCCGGCGACGGATGTATTTCCAGTCGGCTTCGTCGATATAGATGCCGTTCGGGCCGCTACCGCCTTCCAGGTCGATCGCCACGTGTGCGGAAACCTGCGGCTTCACGCTCGCCAGGATCGGCACGAAGCCCAGTTGCAGGCTGGTCTCCAGCAGCGCGGCCTGGTTGCGCTCGTCGATGTCCGCCGCCTCGTCCAGGTAGTAGGGCAGGCGCACGCGCCCGGCCTGCTCGCGGTCCATCAGGTGCAGCAACAGGTACATGTTGGTCAGCGCCTTGATGGTCATGGTGGTGCCATTGGAGGCGGCGCCGTCGATGTCGGTGTGCATGATCGGCTGGCCGTTGACCTTGGTGATCTCGAAGGCCAGTTCGAACAGGTCCTTCAGGCCCAACTGGTTGTGGTTGGCGGCGACCAGGCGGGCCAGGTATTCCTTGGCCTCCTCGTTCTTCGCGTCCTGCTCGGCGCTCTGGGTCAGGTCGAACACCGAGAGGTTCTCGCCTTCCTCGTACTGGCCGGCGCTGTGGATGATCTGGTCGATGTGCTTGAGCGCATCCTTGTTCGGCGCGAGGACGATGCGGAAGCTCTGCAGGTTGGAAACCTGGCGCTTGTTGATCTCGCGGTTGAACAGGGCCAACTGGTGTTCCAGGTTGTCGTAGTC